[16:57:17] [ServerMain/INFO]: [bootstrap] Running Java 25 (Java HotSpot(TM) 64-Bit Server VM 25.0.4+7-LTS-189; Oracle Corporation null) on Mac OS X 26.6.2 (aarch64)
[16:57:17] [ServerMain/INFO]: [bootstrap] Loading Paper 26.2-129-ver/26.2@9240f58 (2026-09-23T18:49:01Z) for Minecraft 26.2
[16:57:17] [ServerMain/INFO]: [PluginInitializerManager] Initializing plugins...
[16:57:17] [ServerMain/INFO]: [PluginInitializerManager] Initialized 1 plugin
[16:57:17] [ServerMain/INFO]: [PluginInitializerManager] Bukkit plugins (1):
 - ArenaKills (1.0.0)
[16:57:18] [DataConverter MCTypeRegistry init thread/INFO]: [ca.spottedleaf.dataconverter.minecraft.datatypes.MCTypeRegistry] Initialising converters for DataConverter...
[16:57:18] [ServerMain/INFO]: Environment: Environment[sessionHost=https://sessionserver.mojang.com, servicesHost=https://api.minecraftservices.com, profilesHost=https://api.mojang.com, name=PROD]
[16:57:18] [DataConverter MCTypeRegistry init thread/INFO]: [ca.spottedleaf.dataconverter.minecraft.datatypes.MCTypeRegistry] Finished initialising converters for DataConverter in 159.8ms
[16:57:18] [ServerMain/INFO]: Found new data pack paper, loading it automatically
[16:57:18] [Worker-Main-3/INFO]: No existing world data, creating new world
[16:57:19] [ServerMain/INFO]: Loaded 1585 recipes
[16:57:19] [ServerMain/INFO]: Loaded 1688 advancements
[16:57:19] [Server thread/INFO]: Starting minecraft server version 26.2
[16:57:19] [Server thread/INFO]: Loading properties
[16:57:19] [Server thread/INFO]: This server is running Paper version 26.2-129-ver/26.2@9240f58 (2026-09-23T18:49:01Z) (Implementing API version 26.2.build.129-stable)
[16:57:19] [Server thread/INFO]: [spark] This server bundles the spark profiler. For more information please visit https://docs.papermc.io/paper/profiling
[16:57:19] [Server thread/INFO]: Server Ping Player Sample Count: 12
[16:57:19] [Server thread/INFO]: Using 4 threads for Netty based IO
[16:57:19] [Server thread/INFO]: [MoonriseCommon] Paper is using 2 worker threads, 1 I/O threads
[16:57:19] [Server thread/INFO]: Default game type: SURVIVAL
[16:57:19] [Server thread/INFO]: Generating keypair
[16:57:19] [Server thread/INFO]: Starting Minecraft server on *:25565
[16:57:20] [Server thread/INFO]: Paper: Using libdeflate (macOS ARM64 / Apple Silicon) compression from Velocity.
[16:57:20] [Server thread/INFO]: Paper: Using native (macOS ARM64 / Apple Silicon) cipher from Velocity.
[16:57:20] [Server thread/INFO]: [ArenaKills] Loading server plugin ArenaKills v1.0.0
[16:57:20] [Server thread/INFO]: Preparing level "world"
[16:57:20] [Server thread/INFO]: Selecting spawn point for level 'minecraft:overworld'...
[16:57:21] [Server thread/INFO]: Selecting spawn point for level 'minecraft:the_nether'...
[16:57:22] [Server thread/INFO]: Selecting spawn point for level 'minecraft:the_end'...
[16:57:22] [Server thread/INFO]: Loading 0 persistent chunks for level 'minecraft:overworld'...
[16:57:22] [Server thread/INFO]: Preparing spawn area: 100%
[16:57:22] [Server thread/INFO]: Prepared spawn area in 1815 ms
[16:57:22] [Server thread/INFO]: Loading 0 persistent chunks for level 'minecraft:the_nether'...
[16:57:22] [Server thread/INFO]: Preparing spawn area: 100%
[16:57:22] [Server thread/INFO]: Prepared spawn area in 534 ms
[16:57:22] [Server thread/INFO]: Loading 0 persistent chunks for level 'minecraft:the_end'...
[16:57:22] [Server thread/INFO]: Preparing spawn area: 100%
[16:57:22] [Server thread/INFO]: Prepared spawn area in 94 ms
[16:57:22] [Server thread/INFO]: Done preparing level "world" (1.946s)
[16:57:22] [Server thread/INFO]: [ArenaKills] Enabling ArenaKills v1.0.0
[16:57:22] [Server thread/INFO]: [ArenaKills] ArenaKills Enabled!
[16:57:22] [Server thread/INFO]: [spark] Starting background profiler...
[16:57:24] [Server thread/INFO]: Saving chunks for level 'ServerLevel[world]'/minecraft:overworld
[16:57:24] [Server thread/INFO]: Saving chunks for level 'ServerLevel[world]'/minecraft:the_nether
[16:57:24] [Server thread/INFO]: Saving chunks for level 'ServerLevel[world]'/minecraft:the_end
[16:57:24] [Server thread/INFO]: ThreadedAnvilChunkStorage (world): All chunks are saved
[16:57:24] [Server thread/INFO]: ThreadedAnvilChunkStorage (DIM-1): All chunks are saved
[16:57:24] [Server thread/INFO]: ThreadedAnvilChunkStorage (DIM1): All chunks are saved
[16:57:24] [Server thread/INFO]: ThreadedAnvilChunkStorage: All dimensions are saved
[16:57:24] [Server thread/INFO]: Running delayed init tasks
[16:57:24] [Server thread/INFO]: Done (7.315s)! For help, type "help"
[16:57:24] [Server thread/INFO]: *************************************************************************************
[16:57:24] [Server thread/INFO]: This is the first time you're starting this server.
[16:57:24] [Server thread/INFO]: It's recommended you read our 'Getting Started' documentation for guidance.
[16:57:24] [Server thread/INFO]: View this and more helpful information here: https://docs.papermc.io/paper/next-steps
[16:57:24] [Server thread/INFO]: *************************************************************************************
[17:01:47] [Server thread/INFO]: Made ReshayRam a server operator
[17:13:41] [User Authenticator #0/INFO]: UUID of player ReshayRam is f5454367-414c-45ce-9046-186ba6560b83
[17:13:50] [Server thread/INFO]: ReshayRam joined the game
[17:13:50] [Server thread/INFO]: ReshayRam[/127.0.0.1:49180] logged in with entity id 8 at ([minecraft:overworld]-7.5, 84.0, -5.5)
[17:14:59] [Server thread/INFO]: ReshayRam issued server command: /time set day
[17:14:59] [Server thread/INFO]: [ReshayRam: Set minecraft:overworld to time marker minecraft:day]
[17:15:02] [Server thread/INFO]: ReshayRam issued server command: /gamemode creative
[17:15:02] [Server thread/INFO]: [ReshayRam: Set own game mode to Creative Mode]
[17:16:40] [Server thread/INFO]: ReshayRam lost connection: Disconnected
[17:16:40] [Server thread/INFO]: ReshayRam left the game
[17:17:00] [Server thread/INFO]: Stopping the server
[17:17:00] [Server thread/INFO]: Stopping server
[17:17:00] [Server thread/INFO]: [ArenaKills] Disabling ArenaKills v1.0.0
[17:17:01] [Server thread/INFO]: Saving players
[17:17:01] [Server thread/INFO]: Saving worlds
[17:17:01] [Server thread/INFO]: Saving chunks for level 'ServerLevel[world]'/minecraft:overworld
[17:17:01] [Server thread/INFO]: [ChunkHolderManager] Waiting 60s for chunk system to halt for world 'minecraft:overworld'
[17:17:01] [Server thread/INFO]: [ChunkHolderManager] Halted chunk system for world 'minecraft:overworld'
[17:17:01] [Server thread/INFO]: [ChunkHolderManager] Saving all chunkholders for world 'minecraft:overworld'
[17:17:01] [Server thread/INFO]: [ChunkHolderManager] Saved 0 block chunks, 0 entity chunks, 0 poi chunks in world 'minecraft:overworld' in 0.06s
[17:17:01] [Server thread/INFO]: [ChunkHolderManager] Waiting 60s for chunk I/O to halt for world 'minecraft:overworld'
[17:17:01] [Server thread/INFO]: [ChunkHolderManager] Halted I/O scheduler for world 'minecraft:overworld'
[17:17:01] [Server thread/INFO]: Saving chunks for level 'ServerLevel[world]'/minecraft:the_nether
[17:17:01] [Server thread/INFO]: [ChunkHolderManager] Waiting 60s for chunk system to halt for world 'minecraft:the_nether'
[17:17:01] [Server thread/INFO]: [ChunkHolderManager] Halted chunk system for world 'minecraft:the_nether'
[17:17:01] [Server thread/INFO]: [ChunkHolderManager] Saving all chunkholders for world 'minecraft:the_nether'
[17:17:01] [Server thread/INFO]: [ChunkHolderManager] Saved 0 block chunks, 0 entity chunks, 0 poi chunks in world 'minecraft:the_nether' in 0.01s
[17:17:01] [Server thread/INFO]: [ChunkHolderManager] Waiting 60s for chunk I/O to halt for world 'minecraft:the_nether'
[17:17:01] [Server thread/INFO]: [ChunkHolderManager] Halted I/O scheduler for world 'minecraft:the_nether'
[17:17:01] [Server thread/INFO]: Saving chunks for level 'ServerLevel[world]'/minecraft:the_end
[17:17:01] [Server thread/INFO]: [ChunkHolderManager] Waiting 60s for chunk system to halt for world 'minecraft:the_end'
[17:17:01] [Server thread/INFO]: [ChunkHolderManager] Halted chunk system for world 'minecraft:the_end'
[17:17:01] [Server thread/INFO]: [ChunkHolderManager] Saving all chunkholders for world 'minecraft:the_end'
[17:17:01] [Server thread/INFO]: [ChunkHolderManager] Saved 0 block chunks, 0 entity chunks, 0 poi chunks in world 'minecraft:the_end' in 0.01s
[17:17:01] [Server thread/INFO]: [ChunkHolderManager] Waiting 60s for chunk I/O to halt for world 'minecraft:the_end'
[17:17:01] [Server thread/INFO]: [ChunkHolderManager] Halted I/O scheduler for world 'minecraft:the_end'
[17:17:01] [Server thread/INFO]: ThreadedAnvilChunkStorage (world): All chunks are saved
[17:17:01] [Server thread/INFO]: ThreadedAnvilChunkStorage (DIM-1): All chunks are saved
[17:17:01] [Server thread/INFO]: ThreadedAnvilChunkStorage (DIM1): All chunks are saved
[17:17:01] [Server thread/INFO]: ThreadedAnvilChunkStorage: All dimensions are saved
[17:17:01] [Server thread/INFO]: Waiting for all RegionFile I/O tasks to complete...
[17:17:01] [Server thread/INFO]: All RegionFile I/O tasks to complete
[17:17:01] [Server thread/INFO]: [MoonriseCommon] Awaiting termination of worker pool for up to 60s...
[17:17:01] [Server thread/INFO]: [MoonriseCommon] Awaiting termination of I/O pool for up to 60s...
